non_empty_string